keep__73: 
case__3: 
reg__24: 
reg__31: 
case__1: 
reg__5: 
reg__11: 
keep__93: 
keep__87: 
case__22: 
case__26: 
reg__4: 
reg__6: 
keep__66: 
counter__2: 
reg__12: 
keep__27: 
keep__92: 
case__30: 
case__34: 
case__19: 
reg__28: 
logic__41: 
TCD1209D_driver: 
keep__94: 
keep__52: 
logic__68: 
keep__25: 
reg__26: 
logic__30: 
keep__61: 
case__39: 
keep__99: 
keep__22: 
reg__21: 
reg__7: 
datapath__5: 
case__32: 
reg__36: 
keep__40: 
logic__50: 
keep__83: 
keep__82: 
logic__35: 
keep__5: 
keep__29: 
keep__17: 
case__7: 
case__4: 
logic__64: 
keep__13: 
keep__68: 
keep__86: 
keep__76: 
keep__50: 
keep__24: 
reg__2: 
reg__23: 
case__25: 
reg__27: 
case__23: 
logic__48: 
logic__42: 
keep__88: 
keep__91: 
keep__33: 
logic__67: 
datapath__8: 
keep__56: 
keep__9: 
keep__77: 
datapath__3: 
case__35: 
logic__3: 
logic__27: 
case__21: 
keep__53: 
keep__28: 
keep__58: 
keep__54: 
logic__20: 
keep__12: 
logic__6: 
keep__10: 
keep__20: 
reg__3: 
reg__1: 
reg__19: 
keep__74: 
case__8: 
reg__35: 
logic__49: 
keep__11: 
keep__44: 
reg__15: 
datapath__7: 
keep__59: 
AD9945_cfg: 
logic__57: 
keep__36: 
keep__67: 
keep__55: 
keep__34: 
case__5: 
genClk: 
case__37: 
logic__61: 
counter__1: 
datapath__4: 
case__38: 
case__6: 
keep__46: 
keep__39: 
keep__30: 
datapath__9: 
case__17: 
keep__78: 
keep__69: 
keep__41: 
keep__15: 
keep__64: 
keep__65: 
keep__57: 
counter: 
datapath__11: 
muxpart: 
logic__34: 
keep__89: 
reg__33: 
keep__21: 
keep__31: 
datapath__1: 
reg__16: 
logic__31: 
keep__32: 
reg__34: 
keep__90: 
case__33: 
keep__4: 
case__36: 
keep__72: 
reg__14: 
logic__4: 
TCD1209D: 
logic__45: 
keep__16: 
reg__22: 
case__16: 
logic__23: 
case__28: 
keep__49: 
keep__80: 
keep__62: 
keep__47: 
logic__38: 
keep__6: 
reg__25: 
keep__26: 
keep__2: 
keep__51: 
reg__8: 
keep__43: 
datapath: 
keep__84: 
reg__30: 
datapath__2: 
keep__23: 
reg__17: 
AD9945_driver: 
case__15: 
muxpart__8: 
keep__79: 
logic__5: 
case: 
case__2: 
keep__63: 
case__24: 
logic: 
keep__97: 
keep__60: 
reg__20: 
keep__96: 
keep__3: 
keep__35: 
keep__48: 
keep__1: 
keep__75: 
keep__38: 
reg: 
logic__26: 
muxpart__7: 
keep: 
keep__81: 
case__31: 
datapath__6: 
keep__70: 
keep__8: 
keep__7: 
reg__18: 
logic__7: 
keep__98: 
datapath__10: 
keep__95: 
keep__71: 
reg__32: 
reg__13: 
keep__18: 
reg__29: 
case__29: 
logic__69: 
case__27: 
keep__37: 
keep__19: 
keep__85: 
case__20: 
datapath__12: 
ccd2axis: 
keep__42: 
keep__14: 
keep__45: 
case__18: 
